Failed to match (ignoring source) package: registry+https://github.com/rust-lang/crates.io-index#sha1@0.10.6 
Failed to match (ignoring source) package: registry+https://github.com/rust-lang/crates.io-index#sha1@0.10.6 
Failed to match (ignoring source) package: registry+https://github.com/rust-lang/crates.io-index#sha1@0.10.6 
Failed to match (ignoring source) package: registry+https://github.com/rust-lang/crates.io-index#sha1@0.10.6 
Failed to match (ignoring source) package: registry+https://github.com/rust-lang/crates.io-index#sha1@0.10.6 
Failed to match (ignoring source) package: registry+https://github.com/rust-lang/crates.io-index#sha1@0.10.6 
Failed to match (ignoring source) package: registry+https://github.com/rust-lang/crates.io-index#sha1@0.10.6 
Failed to match (ignoring source) package: registry+https://github.com/rust-lang/crates.io-index#tokio-tungstenite@0.24.0 
Failed to match (ignoring source) package: registry+https://github.com/rust-lang/crates.io-index#tokio-tungstenite@0.24.0 
Failed to match (ignoring source) package: registry+https://github.com/rust-lang/crates.io-index#tokio-tungstenite@0.24.0 
Failed to match (ignoring source) package: registry+https://github.com/rust-lang/crates.io-index#tokio-tungstenite@0.24.0 
Failed to match (ignoring source) package: registry+https://github.com/rust-lang/crates.io-index#tokio-tungstenite@0.24.0 
Failed to match (ignoring source) package: registry+https://github.com/rust-lang/crates.io-index#tokio-tungstenite@0.24.0 
Failed to match (ignoring source) package: registry+https://github.com/rust-lang/crates.io-index#tokio-tungstenite@0.24.0 
Failed to match (ignoring source) package: registry+https://github.com/rust-lang/crates.io-index#tokio-tungstenite@0.24.0 
Failed to match (ignoring source) package: registry+https://github.com/rust-lang/crates.io-index#tokio-tungstenite@0.24.0 
Failed to match (ignoring source) package: registry+https://github.com/rust-lang/crates.io-index#tokio-tungstenite@0.24.0 
Failed to match (ignoring source) package: registry+https://github.com/rust-lang/crates.io-index#tokio-tungstenite@0.24.0 
Failed to match (ignoring source) package: registry+https://github.com/rust-lang/crates.io-index#tokio-tungstenite@0.24.0 
Failed to match (ignoring source) package: registry+https://github.com/rust-lang/crates.io-index#tokio-tungstenite@0.24.0 
Failed to match (ignoring source) package: registry+https://github.com/rust-lang/crates.io-index#tokio-tungstenite@0.24.0 
Failed to match (ignoring source) package: registry+https://github.com/rust-lang/crates.io-index#tokio-tungstenite@0.24.0 
Failed to match (ignoring source) package: registry+https://github.com/rust-lang/crates.io-index#tokio-tungstenite@0.24.0 
Failed to match (ignoring source) package: registry+https://github.com/rust-lang/crates.io-index#tokio-tungstenite@0.24.0 
Failed to match (ignoring source) package: registry+https://github.com/rust-lang/crates.io-index#tokio-tungstenite@0.24.0 
Failed to match (ignoring source) package: registry+https://github.com/rust-lang/crates.io-index#tokio-tungstenite@0.24.0 
Failed to match (ignoring source) package: registry+https://github.com/rust-lang/crates.io-index#tokio-tungstenite@0.24.0 
Failed to match (ignoring source) package: registry+https://github.com/rust-lang/crates.io-index#tokio-tungstenite@0.24.0 
Failed to match (ignoring source) package: registry+https://github.com/rust-lang/crates.io-index#tokio-tungstenite@0.24.0 
Failed to match (ignoring source) package: registry+https://github.com/rust-lang/crates.io-index#tokio-tungstenite@0.24.0 
Failed to match (ignoring source) package: registry+https://github.com/rust-lang/crates.io-index#tokio-tungstenite@0.24.0 
Failed to match (ignoring source) package: registry+https://github.com/rust-lang/crates.io-index#tokio-tungstenite@0.24.0 
Failed to match (ignoring source) package: registry+https://github.com/rust-lang/crates.io-index#tokio-tungstenite@0.24.0 
Failed to match (ignoring source) package: registry+https://github.com/rust-lang/crates.io-index#tokio-tungstenite@0.24.0 
Failed to match (ignoring source) package: registry+https://github.com/rust-lang/crates.io-index#tokio-tungstenite@0.24.0 
Failed to match (ignoring source) package: registry+https://github.com/rust-lang/crates.io-index#tokio-tungstenite@0.24.0 
Failed to match (ignoring source) package: registry+https://github.com/rust-lang/crates.io-index#tokio-tungstenite@0.24.0 
Failed to match (ignoring source) package: registry+https://github.com/rust-lang/crates.io-index#tokio-tungstenite@0.24.0 
Failed to match (ignoring source) package: registry+https://github.com/rust-lang/crates.io-index#tokio-tungstenite@0.24.0 
Failed to match (ignoring source) package: registry+https://github.com/rust-lang/crates.io-index#tokio-tungstenite@0.24.0 
Failed to match (ignoring source) package: registry+https://github.com/rust-lang/crates.io-index#tokio-tungstenite@0.24.0 
Failed to match (ignoring source) package: registry+https://github.com/rust-lang/crates.io-index#tokio-tungstenite@0.24.0 
Failed to match (ignoring source) package: registry+https://github.com/rust-lang/crates.io-index#tokio-tungstenite@0.24.0 
Failed to match (ignoring source) package: registry+https://github.com/rust-lang/crates.io-index#tokio-tungstenite@0.24.0 
Failed to match (ignoring source) package: registry+https://github.com/rust-lang/crates.io-index#tokio-tungstenite@0.24.0 
Failed to match (ignoring source) package: registry+https://github.com/rust-lang/crates.io-index#tokio-tungstenite@0.24.0 
Failed to match (ignoring source) package: registry+https://github.com/rust-lang/crates.io-index#tokio-tungstenite@0.24.0 
Failed to match (ignoring source) package: registry+https://github.com/rust-lang/crates.io-index#tokio-tungstenite@0.24.0 
Failed to match (ignoring source) package: registry+https://github.com/rust-lang/crates.io-index#tokio-tungstenite@0.24.0 
Failed to match (ignoring source) package: registry+https://github.com/rust-lang/crates.io-index#tokio-tungstenite@0.24.0 
Failed to match (ignoring source) package: registry+https://github.com/rust-lang/crates.io-index#tokio-tungstenite@0.24.0 
Failed to match (ignoring source) package: registry+https://github.com/rust-lang/crates.io-index#tokio-tungstenite@0.24.0 
Failed to match (ignoring source) package: registry+https://github.com/rust-lang/crates.io-index#tokio-tungstenite@0.24.0 
Failed to match (ignoring source) package: registry+https://github.com/rust-lang/crates.io-index#tokio-tungstenite@0.24.0 
Failed to match (ignoring source) package: registry+https://github.com/rust-lang/crates.io-index#tokio-tungstenite@0.24.0 
 Downloading crates ...

thread 'main' (72530) panicked at /home/vscode/.cargo/registry/src/index.crates.io-1949cf8c6b5b557f/cargo-0.86.0/src/cargo/core/package.rs:736:9:
assertion failed: self.pending_ids.insert(id)
note: run with `RUST_BACKTRACE=1` environment variable to display a backtrace
